// Jest Snapshot v1, https://goo.gl/fbAQLP

exports[`mapValueFromOptions renders correctly with array values 1`] = `
<ul>
  <li>
    Option 1
  </li>
  <li>
    Nieznany zas√≥b: option_4
  </li>
</ul>
`;

exports[`mapValueFromOptions renders correctly with single value 1`] = `
<div>
  Option 1
</div>
`;
