// Jest Snapshot v1, https://goo.gl/fbAQLP

exports[`CompanyContext CompanyContext renders correctly 1`] = `
<div
  className="text-wrap"
>
  Zarządzanie firmą
  10clouds
</div>
`;
