// Jest Snapshot v1, https://goo.gl/fbAQLP

exports[`<Login /> Should render correct in default state 1`] = `
<div
  className="h-100 bg-white bg-animation"
>
  <div
    className="d-flex h-100 justify-content-center align-items-center"
  >
    <div
      className="mx-auto app-login-box col"
    >
      <div
        className="app-logo-inverse mx-auto mb-3"
      />
      <div
        className="mx-auto card"
        style={
          Object {
            "maxWidth": "700px",
          }
        }
      >
        <div
          className="card-body"
        >
          <div
            className="grid-menu grid-menu-4col"
          >
            <div
              className="no-gutters row"
              data-t1="tiles"
            >
              <div
                className="bg-white col-sm-6 col-md-6"
              >
                <div
                  className="widget-chart widget-chart-hover text-primary"
                  data-t1="omb"
                  onClick={[Function]}
                  role="presentation"
                >
                  <div
                    className="icon-wrapper rounded-circle"
                  >
                    <div
                      className="icon-wrapper-bg bg-primary"
                    />
                    <i
                      className="pe-7s-user"
                    />
                  </div>
                  <div
                    className="widget-numbers-sm"
                  >
                    OMB mock
                  </div>
                </div>
              </div>
              <div
                className="bg-white col-sm-6 col-md-6"
              >
                <div
                  className="widget-chart widget-chart-hover text-primary"
                  data-t1="ahr"
                  onClick={[Function]}
                  role="presentation"
                >
                  <div
                    className="icon-wrapper rounded-circle"
                  >
                    <div
                      className="icon-wrapper-bg bg-primary"
                    />
                    <i
                      className="pe-7s-user"
                    />
                  </div>
                  <div
                    className="widget-numbers-sm"
                  >
                    AHR mock
                  </div>
                </div>
              </div>
              <div
                className="bg-white col-sm-6 col-md-6"
              >
                <div
                  className="widget-chart widget-chart-hover text-primary"
                  data-t1="admin"
                  onClick={[Function]}
                  role="presentation"
                >
                  <div
                    className="icon-wrapper rounded-circle"
                  >
                    <div
                      className="icon-wrapper-bg bg-primary"
                    />
                    <i
                      className="pe-7s-user"
                    />
                  </div>
                  <div
                    className="widget-numbers-sm"
                  >
                    OMB Prawdziwe dane
                  </div>
                </div>
              </div>
              <div
                className="bg-white col-sm-6 col-md-6"
              >
                <div
                  className="widget-chart widget-chart-hover text-primary"
                  data-t1="adminahr"
                  onClick={[Function]}
                  role="presentation"
                >
                  <div
                    className="icon-wrapper rounded-circle"
                  >
                    <div
                      className="icon-wrapper-bg bg-primary"
                    />
                    <i
                      className="pe-7s-user"
                    />
                  </div>
                  <div
                    className="widget-numbers-sm"
                  >
                    AHR Prawdziwe dane
                  </div>
                </div>
              </div>
            </div>
          </div>
        </div>
        <div
          className="modal-footer clearfix"
        >
          <div
            className="float-left"
          >
            <a
              className="btn-lg btn btn-link"
              color="link"
              href="/signin/oauth/client/login"
            >
              Zaloguj z MyBenefit
            </a>
          </div>
        </div>
      </div>
      <div
        className="text-center opacity-8 mt-3"
      >
        Copyright Â© MyBenefit
         
        2021
      </div>
    </div>
  </div>
</div>
`;
