// Jest Snapshot v1, https://goo.gl/fbAQLP

exports[`<ReportRouter /> renders correct snapshot with simple props 1`] = `null`;
