// Jest Snapshot v1, https://goo.gl/fbAQLP

exports[`<AhrRouter /> renders correct snapshot with simple props 1`] = `null`;
