// Jest Snapshot v1, https://goo.gl/fbAQLP

exports[`<RbsButton /> renders correctly when have permissions  1`] = `null`;

exports[`<RbsButton /> renders disabled content nothing when have not permissions and disable props 1`] = `
<div
  className="disabled-area-wrapper"
  title="Nie masz uprawnieÅ„ (random:scope)"
>
  <div
    className="not-allowed disabled-area"
  />
  <div>
    content
  </div>
</div>
`;

exports[`<RbsButton /> renders nothing when have not permissions  1`] = `null`;
