// Jest Snapshot v1, https://goo.gl/fbAQLP

exports[`languageWrapper LanguageWrapper does nothing for default language 1`] = `null`;

exports[`languageWrapper LanguageWrapper render correctly for no default language 1`] = `null`;
