// Jest Snapshot v1, https://goo.gl/fbAQLP

exports[`<TilesMenu /> renders correct snapshot with simple props 1`] = `
<div>
  <div
    className="app-page-title app-page-title-simple"
  >
    <div
      className="page-title-wrapper"
    >
      <div
        className="page-title-heading"
      >
        <div>
          <div
            className="page-title-head center-elem"
          >
            <span
              className="d-inline-block pr-2"
            >
              <i
                className=""
              />
            </span>
            <span
              className="d-inline-block"
              data-t1="pageTitle"
            >
              test title
            </span>
          </div>
          <div
            className="page-title-subheading opacity-10"
          >
            <nav
              aria-label="breadcrumb"
              className=""
              data-t1="breadcrumbs"
            >
              <ol
                className="breadcrumb"
              >
                <li
                  className="breadcrumb-item"
                  data-t1="breadcrumbsItem"
                >
                  <a
                    href="#/"
                    onClick={[Function]}
                  >
                    <svg
                      aria-hidden="true"
                      className="svg-inline--fa fa-home fa-w-18 "
                      data-icon="home"
                      data-prefix="fas"
                      focusable="false"
                      role="img"
                      style={Object {}}
                      viewBox="0 0 576 512"
                      xmlns="http://www.w3.org/2000/svg"
                    >
                      <path
                        d="M280.37 148.26L96 300.11V464a16 16 0 0 0 16 16l112.06-.29a16 16 0 0 0 15.92-16V368a16 16 0 0 1 16-16h64a16 16 0 0 1 16 16v95.64a16 16 0 0 0 16 16.05L464 480a16 16 0 0 0 16-16V300L295.67 148.26a12.19 12.19 0 0 0-15.3 0zM571.6 251.47L488 182.56V44.05a12 12 0 0 0-12-12h-56a12 12 0 0 0-12 12v72.61L318.47 43a48 48 0 0 0-61 0L4.34 251.47a12 12 0 0 0-1.6 16.9l25.5 31A12 12 0 0 0 45.15 301l235.22-193.74a12.19 12.19 0 0 1 15.3 0L530.9 301a12 12 0 0 0 16.9-1.6l25.5-31a12 12 0 0 0-1.7-16.93z"
                        fill="currentColor"
                        style={Object {}}
                      />
                    </svg>
                  </a>
                </li>
                <li
                  className="breadcrumb-item"
                  data-t1="breadcrumbsItem"
                >
                  <a
                    href="#/step1"
                    onClick={[Function]}
                  >
                    Step 1
                  </a>
                </li>
                <li
                  className="breadcrumb-item"
                  data-t1="breadcrumbsItem"
                >
                  <a
                    href="#/step1/step2"
                    onClick={[Function]}
                  >
                    Step 2
                  </a>
                </li>
                <li
                  aria-current="page"
                  className="active breadcrumb-item"
                  data-t1="breadcrumbsActiveItem"
                >
                  test title
                </li>
              </ol>
            </nav>
          </div>
        </div>
      </div>
    </div>
  </div>
  <div
    className="grid-menu grid-menu-4col"
  >
    <div
      className="no-gutters row"
      data-t1="tilesMenu"
    >
      <div
        className="bg-white col-sm-6 col-md-3"
      >
        <a
          className="link-unstyled"
          data-t1="test_1"
          href="#/step1/step2/test_1"
          onClick={[Function]}
        >
          <div
            className="widget-chart widget-chart-hover"
          >
            <div
              className="icon-wrapper rounded-circle"
            >
              <div
                className="icon-wrapper-bg bg-primary"
              />
              <i
                className="icon_1 text-primary"
              />
            </div>
            <div
              className="widget-numbers-sm"
            >
              Test 1
            </div>
          </div>
        </a>
      </div>
      <div
        className="bg-white col-sm-6 col-md-3"
      >
        <a
          className="link-unstyled"
          data-t1="test_2"
          href="#/step1/step2/test_2"
          onClick={[Function]}
        >
          <div
            className="widget-chart widget-chart-hover"
          >
            <div
              className="icon-wrapper rounded-circle"
            >
              <div
                className="icon-wrapper-bg bg-primary"
              />
              <i
                className="icon_2 text-primary"
              />
            </div>
            <div
              className="widget-numbers-sm"
            >
              Test 2
            </div>
          </div>
        </a>
      </div>
    </div>
  </div>
</div>
`;
