// Jest Snapshot v1, https://goo.gl/fbAQLP

exports[`<ApiWarning /> Should render correct with isMockView true 1`] = `
<div
  className="sticky-outer-wrapper"
  style={Object {}}
>
  <div
    className="sticky-inner-wrapper"
    style={
      Object {
        "position": "relative",
        "top": "",
        "transform": "translate3d(0,0px,0)",
        "zIndex": "999",
      }
    }
  >
    <div
      className="mb-0 text-center text-uppercase alert alert-warning fade"
      role="alert"
    >
      Wyświetlane dane są danymi testowymi
    </div>
  </div>
</div>
`;

exports[`<ApiWarning /> Should render with isMockView false 1`] = `null`;
