// Jest Snapshot v1, https://goo.gl/fbAQLP

exports[`<ForbiddenErrorPage /> renders correctly 1`] = `
<div
  className="vh-100 row"
>
  <div
    className="my-auto col"
  >
    <div
      className="text-center "
    >
      <i
        className="pe-7s-attention icon-gradient bg-plum-plate error-page-icon"
      />
      <div>
        Nie masz dostÄ™pu do tego zasobu
      </div>
    </div>
  </div>
</div>
`;
